RAM Allocation [bytes]
Variable                                                                          Address   Size
------------------------------------------------------------------------------------------------
registry_ds1307                                                                   0x0160       7
rx_buffer                                                                         0x0167       8
ma                                                                                0x016F      10
temp                                                                              0x0179       4
received_package                                                                  0x017D      10
slave_enable                                                                      0x0187       2
_seed (stdlib.lib)                                                                0x0189       4

EEPROM Allocation [bytes]
Variable                                                                          Address   Size
------------------------------------------------------------------------------------------------

Register Allocation
Variable                                                                          Register  Size
------------------------------------------------------------------------------------------------
rx_wr_index                                                                       R5           1
rx_rd_index                                                                       R4           1
rx_counter                                                                        R7           1
rx_buffer_overflow                                                                R2.0      1bit
kytu                                                                              R6           1
b                                                                                 R9           1
received_byte                                                                     R8           1
isComplete                                                                        R10,R11      2
package_size                                                                      R12,R13      2

FLASH Allocation [words]
Function                                                                          Address   Size
------------------------------------------------------------------------------------------------
ds18b20_reset                                                                     0x0009A     19
ds18b20_writebit                                                                  0x000AD     12
ds18b20_readbit                                                                   0x000B9     15
ds18b20_writebyte                                                                 0x000C8     18
ds18b20_readbyte                                                                  0x000DA     19
ds18b20_gettemp                                                                   0x000ED     66
BCD2Decver2                                                                       0x0012F     18
myGetTimeFromDS1307ver2                                                           0x00141     81
I2C_Init                                                                          0x00192      5
I2C_Detect                                                                        0x00197     16
I2C_Start                                                                         0x001A7      5
I2C_Write                                                                         0x001AC     11
I2C_ReadRegister                                                                  0x001BE     18
return_data_to_master                                                             0x001D0     17
return_data_to_computer                                                           0x001E1     44
execute_query                                                                     0x0020D    103
send_query_to_slave                                                               0x00274     13
process_received_data                                                             0x00281     25
send_confirm_to_master                                                            0x0029A      3
enable_slave                                                                      0x0029D      8
disable_slave                                                                     0x002A5      7
usart_rx_isr                                                                      0x002AC     29
main                                                                              0x002C9     77
hienthinhietdo                                                                    0x00316     19
hienthi                                                                           0x00329     39
quet                                                                              0x00350     23
day                                                                               0x00367      3
uart_char_tx                                                                      0x0036A      7
uart_address_tx                                                                   0x00371      7
putchar                                                                           0x00378      7
put_usart_G101                                                                    0x0037F     13
_print_G101                                                                       0x0038C    284
printf                                                                            0x004A8     34
strlen                                                                            0x004CA     12
strlenf                                                                           0x004D6     13
